

================================================================
== Vitis HLS Report for 'balance'
================================================================
* Date:           Sun Nov 20 00:23:45 2022

* Version:        2022.2 (Build 3670227 on Oct 13 2022)
* Project:        vender
* Solution:       solution1 (Vivado IP Flow Target)
* Product family: zynq
* Target device:  xc7z020-clg484-1


================================================================
== Performance Estimates
================================================================
+ Timing: 
    * Summary: 
    +--------+----------+----------+------------+
    |  Clock |  Target  | Estimated| Uncertainty|
    +--------+----------+----------+------------+
    |ap_clk  |  10.00 ns|  0.978 ns|     2.70 ns|
    +--------+----------+----------+------------+

+ Latency: 
    * Summary: 
    +---------+---------+----------+----------+-----+-----+---------+
    |  Latency (cycles) |  Latency (absolute) |  Interval | Pipeline|
    |   min   |   max   |    min   |    max   | min | max |   Type  |
    +---------+---------+----------+----------+-----+-----+---------+
    |        0|        0|      0 ns|      0 ns|    1|    1|       no|
    +---------+---------+----------+----------+-----+-----+---------+

    + Detail: 
        * Instance: 
        N/A

        * Loop: 
        N/A



================================================================
== Utilization Estimates
================================================================
* Summary: 
+-----------------+---------+-----+--------+-------+-----+
|       Name      | BRAM_18K| DSP |   FF   |  LUT  | URAM|
+-----------------+---------+-----+--------+-------+-----+
|DSP              |        -|    -|       -|      -|    -|
|Expression       |        -|    -|       -|      -|    -|
|FIFO             |        -|    -|       -|      -|    -|
|Instance         |        -|    -|       -|      -|    -|
|Memory           |        -|    -|       -|      -|    -|
|Multiplexer      |        -|    -|       -|     20|    -|
|Register         |        -|    -|       -|      -|    -|
+-----------------+---------+-----+--------+-------+-----+
|Total            |        0|    0|       0|     20|    0|
+-----------------+---------+-----+--------+-------+-----+
|Available        |      280|  220|  106400|  53200|    0|
+-----------------+---------+-----+--------+-------+-----+
|Utilization (%)  |        0|    0|       0|     ~0|    0|
+-----------------+---------+-----+--------+-------+-----+

+ Detail: 
    * Instance: 
    N/A

    * DSP: 
    N/A

    * Memory: 
    N/A

    * FIFO: 
    N/A

    * Expression: 
    N/A

    * Multiplexer: 
    +-------+----+-----------+-----+-----------+
    |  Name | LUT| Input Size| Bits| Total Bits|
    +-------+----+-----------+-----+-----------+
    |sum_o  |  20|          4|    3|         12|
    +-------+----+-----------+-----+-----------+
    |Total  |  20|          4|    3|         12|
    +-------+----+-----------+-----+-----------+

    * Register: 
    N/A



================================================================
== Interface
================================================================
* Summary: 
+---------------+-----+-----+------------+--------------+--------------+
|   RTL Ports   | Dir | Bits|  Protocol  | Source Object|    C Type    |
+---------------+-----+-----+------------+--------------+--------------+
|ap_start       |   in|    1|  ap_ctrl_hs|       balance|  return value|
|ap_done        |  out|    1|  ap_ctrl_hs|       balance|  return value|
|ap_idle        |  out|    1|  ap_ctrl_hs|       balance|  return value|
|ap_ready       |  out|    1|  ap_ctrl_hs|       balance|  return value|
|sum_i          |   in|    3|     ap_ovld|           sum|       pointer|
|sum_o          |  out|    3|     ap_ovld|           sum|       pointer|
|sum_o_ap_vld   |  out|    1|     ap_ovld|           sum|       pointer|
|cash           |   in|    2|     ap_none|          cash|        scalar|
|tissue         |  out|    2|      ap_vld|        tissue|       pointer|
|tissue_ap_vld  |  out|    1|      ap_vld|        tissue|       pointer|
+---------------+-----+-----+------------+--------------+--------------+

